Starting a Gradle Daemon, 3 incompatible and 2 stopped Daemons could not be reused, use --status for details

> Configure project :
Java: 21.0.6, JVM: 21.0.6+8-LTS-188 (Oracle Corporation), Arch: amd64

> Task :createMinecraftArtifacts UP-TO-DATE
> Task :compileJava
> Task :processResources UP-TO-DATE
> Task :classes
> Task :jarJar UP-TO-DATE
> Task :jar
> Task :assemble
> Task :compileTestJava NO-SOURCE
> Task :processTestResources NO-SOURCE
> Task :testClasses UP-TO-DATE
> Task :test NO-SOURCE
> Task :check UP-TO-DATE
> Task :build

BUILD SUCCESSFUL in 9s
5 actionable tasks: 2 executed, 3 up-to-date
